// Jest Snapshot v1, https://goo.gl/fbAQLP

exports[`renders snapshots with shallow enzyme 1`] = `
ShallowWrapper {
  "complexSelector": ComplexSelector {
    "buildPredicate": [Function],
    "childrenOfNode": [Function],
    "findWhereUnwrapped": [Function],
  },
  "length": 1,
  "node": <div
    className="App"
>
    <div
        className="App-header"
    >
        <img
            alt="logo"
            className="App-logo"
            src="logo.svg"
        />
        <h2>
            Welcome to React
        </h2>
    </div>
    <p
        className="App-intro"
    >
        <UrlInput
            onChange={[Function]}
            url=""
        />
    </p>
    <div>
        <RequestBodyInput
            onChange={[Function]}
            requestBody={undefined}
        />
    </div>
    <div>
        <button
            onClick={[Function]}
        >
            Generate Things
        </button>
    </div>
    <div
        style={
            Object {
                "border": 1,
                "padding": 5,
              }
        }
    >
        
    </div>
</div>,
  "nodes": Array [
    <div
      className="App"
>
      <div
            className="App-header"
      >
            <img
                  alt="logo"
                  className="App-logo"
                  src="logo.svg"
            />
            <h2>
                  Welcome to React
            </h2>
      </div>
      <p
            className="App-intro"
      >
            <UrlInput
                  onChange={[Function]}
                  url=""
            />
      </p>
      <div>
            <RequestBodyInput
                  onChange={[Function]}
                  requestBody={undefined}
            />
      </div>
      <div>
            <button
                  onClick={[Function]}
            >
                  Generate Things
            </button>
      </div>
      <div
            style={
                  Object {
                        "border": 1,
                        "padding": 5,
                      }
            }
      >
            
      </div>
</div>,
  ],
  "options": Object {},
  "renderer": ReactShallowRenderer {
    "_instance": ShallowComponentWrapper {
      "_calledComponentWillUnmount": false,
      "_compositeType": 0,
      "_context": Object {},
      "_currentElement": <App />,
      "_debugID": 17,
      "_hostContainerInfo": null,
      "_hostParent": null,
      "_instance": App {
        "_reactInternalInstance": [Circular],
        "context": Object {},
        "generateThings": [Function],
        "handleChange": [Function],
        "props": Object {},
        "refs": Object {},
        "state": Object {
          "requestBodyInput": "",
          "url": "",
        },
        "updater": Object {
          "enqueueCallback": [Function],
          "enqueueCallbackInternal": [Function],
          "enqueueElementInternal": [Function],
          "enqueueForceUpdate": [Function],
          "enqueueReplaceState": [Function],
          "enqueueSetState": [Function],
          "isMounted": [Function],
          "validateCallback": [Function],
        },
      },
      "_mountOrder": 1,
      "_pendingCallbacks": null,
      "_pendingElement": null,
      "_pendingForceUpdate": false,
      "_pendingReplaceState": false,
      "_pendingStateQueue": null,
      "_renderedComponent": NoopInternalComponent {
        "_currentElement": <div
          className="App"
>
          <div
                    className="App-header"
          >
                    <img
                              alt="logo"
                              className="App-logo"
                              src="logo.svg"
                    />
                    <h2>
                              Welcome to React
                    </h2>
          </div>
          <p
                    className="App-intro"
          >
                    <UrlInput
                              onChange={[Function]}
                              url=""
                    />
          </p>
          <div>
                    <RequestBodyInput
                              onChange={[Function]}
                              requestBody={undefined}
                    />
          </div>
          <div>
                    <button
                              onClick={[Function]}
                    >
                              Generate Things
                    </button>
          </div>
          <div
                    style={
                              Object {
                                        "border": 1,
                                        "padding": 5,
                                      }
                    }
          >
                    
          </div>
</div>,
        "_debugID": 18,
        "_renderedOutput": <div
          className="App"
>
          <div
                    className="App-header"
          >
                    <img
                              alt="logo"
                              className="App-logo"
                              src="logo.svg"
                    />
                    <h2>
                              Welcome to React
                    </h2>
          </div>
          <p
                    className="App-intro"
          >
                    <UrlInput
                              onChange={[Function]}
                              url=""
                    />
          </p>
          <div>
                    <RequestBodyInput
                              onChange={[Function]}
                              requestBody={undefined}
                    />
          </div>
          <div>
                    <button
                              onClick={[Function]}
                    >
                              Generate Things
                    </button>
          </div>
          <div
                    style={
                              Object {
                                        "border": 1,
                                        "padding": 5,
                                      }
                    }
          >
                    
          </div>
</div>,
      },
      "_renderedNodeType": 0,
      "_rootNodeID": 0,
      "_topLevelWrapper": null,
      "_updateBatchNumber": null,
      "_warnedAboutRefsInRender": false,
    },
    "getRenderOutput": [Function],
    "render": [Function],
  },
  "root": [Circular],
  "unrendered": <App />,
}
`;

exports[`renders with react-test-renderer 1`] = `
<div
  className="App"
>
  <div
    className="App-header"
  >
    <img
      alt="logo"
      className="App-logo"
      src="logo.svg"
    />
    <h2>
      Welcome to React
    </h2>
  </div>
  <p
    className="App-intro"
  >
    <label>
      URL
      <input
        onChange={[Function]}
        type="text"
        value=""
      />
    </label>
  </p>
  <div>
    <textarea
      className="App-request-body-input"
      onChange={[Function]}
      type="text"
      value={undefined}
    />
  </div>
  <div>
    <button
      onClick={[Function]}
    >
      Generate Things
    </button>
  </div>
  <div
    style={
      Object {
        "border": 1,
        "padding": 5,
      }
    }
  />
</div>
`;
