// Jest Snapshot v1, https://goo.gl/fbAQLP

exports[`uses url to populate input 1`] = `
<label>
  URL
  <input
    onChange={[Function]}
    type="text"
    value="http://test.com"
  />
</label>
`;
